// Jest Snapshot v1, https://goo.gl/fbAQLP

exports[`renders correctly no selected cells 1`] = `
<table
  className="sudoku-board"
>
  <tbody>
    <tr>
      <td>
        <button
          className=""
          onClick={[Function]}
        >
          100
        </button>
      </td>
      <td>
        <button
          className=""
          onClick={[Function]}
        >
          101
        </button>
      </td>
      <td>
        <button
          className=""
          onClick={[Function]}
        >
          102
        </button>
      </td>
      <td>
        <button
          className=""
          onClick={[Function]}
        >
          103
        </button>
      </td>
      <td>
        <button
          className=""
          onClick={[Function]}
        >
          104
        </button>
      </td>
      <td>
        <button
          className=""
          onClick={[Function]}
        >
          105
        </button>
      </td>
      <td>
        <button
          className=""
          onClick={[Function]}
        >
          106
        </button>
      </td>
      <td>
        <button
          className=""
          onClick={[Function]}
        >
          107
        </button>
      </td>
      <td>
        <button
          className=""
          onClick={[Function]}
        >
          108
        </button>
      </td>
    </tr>
    <tr>
      <td>
        <button
          className=""
          onClick={[Function]}
        >
          109
        </button>
      </td>
      <td>
        <button
          className=""
          onClick={[Function]}
        >
          110
        </button>
      </td>
      <td>
        <button
          className=""
          onClick={[Function]}
        >
          111
        </button>
      </td>
      <td>
        <button
          className=""
          onClick={[Function]}
        >
          112
        </button>
      </td>
      <td>
        <button
          className=""
          onClick={[Function]}
        >
          113
        </button>
      </td>
      <td>
        <button
          className=""
          onClick={[Function]}
        >
          114
        </button>
      </td>
      <td>
        <button
          className=""
          onClick={[Function]}
        >
          115
        </button>
      </td>
      <td>
        <button
          className=""
          onClick={[Function]}
        >
          116
        </button>
      </td>
      <td>
        <button
          className=""
          onClick={[Function]}
        >
          117
        </button>
      </td>
    </tr>
    <tr>
      <td>
        <button
          className=""
          onClick={[Function]}
        >
          118
        </button>
      </td>
      <td>
        <button
          className=""
          onClick={[Function]}
        >
          119
        </button>
      </td>
      <td>
        <button
          className=""
          onClick={[Function]}
        >
          120
        </button>
      </td>
      <td>
        <button
          className=""
          onClick={[Function]}
        >
          121
        </button>
      </td>
      <td>
        <button
          className=""
          onClick={[Function]}
        >
          122
        </button>
      </td>
      <td>
        <button
          className=""
          onClick={[Function]}
        >
          123
        </button>
      </td>
      <td>
        <button
          className=""
          onClick={[Function]}
        >
          124
        </button>
      </td>
      <td>
        <button
          className=""
          onClick={[Function]}
        >
          125
        </button>
      </td>
      <td>
        <button
          className=""
          onClick={[Function]}
        >
          126
        </button>
      </td>
    </tr>
    <tr>
      <td>
        <button
          className=""
          onClick={[Function]}
        >
          127
        </button>
      </td>
      <td>
        <button
          className=""
          onClick={[Function]}
        >
          128
        </button>
      </td>
      <td>
        <button
          className=""
          onClick={[Function]}
        >
          129
        </button>
      </td>
      <td>
        <button
          className=""
          onClick={[Function]}
        >
          130
        </button>
      </td>
      <td>
        <button
          className=""
          onClick={[Function]}
        >
          131
        </button>
      </td>
      <td>
        <button
          className=""
          onClick={[Function]}
        >
          132
        </button>
      </td>
      <td>
        <button
          className=""
          onClick={[Function]}
        >
          133
        </button>
      </td>
      <td>
        <button
          className=""
          onClick={[Function]}
        >
          134
        </button>
      </td>
      <td>
        <button
          className=""
          onClick={[Function]}
        >
          135
        </button>
      </td>
    </tr>
    <tr>
      <td>
        <button
          className=""
          onClick={[Function]}
        >
          136
        </button>
      </td>
      <td>
        <button
          className=""
          onClick={[Function]}
        >
          137
        </button>
      </td>
      <td>
        <button
          className=""
          onClick={[Function]}
        >
          138
        </button>
      </td>
      <td>
        <button
          className=""
          onClick={[Function]}
        >
          139
        </button>
      </td>
      <td>
        <button
          className=""
          onClick={[Function]}
        >
          140
        </button>
      </td>
      <td>
        <button
          className=""
          onClick={[Function]}
        >
          141
        </button>
      </td>
      <td>
        <button
          className=""
          onClick={[Function]}
        >
          142
        </button>
      </td>
      <td>
        <button
          className=""
          onClick={[Function]}
        >
          143
        </button>
      </td>
      <td>
        <button
          className=""
          onClick={[Function]}
        >
          144
        </button>
      </td>
    </tr>
    <tr>
      <td>
        <button
          className=""
          onClick={[Function]}
        >
          145
        </button>
      </td>
      <td>
        <button
          className=""
          onClick={[Function]}
        >
          146
        </button>
      </td>
      <td>
        <button
          className=""
          onClick={[Function]}
        >
          147
        </button>
      </td>
      <td>
        <button
          className=""
          onClick={[Function]}
        >
          148
        </button>
      </td>
      <td>
        <button
          className=""
          onClick={[Function]}
        >
          149
        </button>
      </td>
      <td>
        <button
          className=""
          onClick={[Function]}
        >
          150
        </button>
      </td>
      <td>
        <button
          className=""
          onClick={[Function]}
        >
          151
        </button>
      </td>
      <td>
        <button
          className=""
          onClick={[Function]}
        >
          152
        </button>
      </td>
      <td>
        <button
          className=""
          onClick={[Function]}
        >
          153
        </button>
      </td>
    </tr>
    <tr>
      <td>
        <button
          className=""
          onClick={[Function]}
        >
          154
        </button>
      </td>
      <td>
        <button
          className=""
          onClick={[Function]}
        >
          155
        </button>
      </td>
      <td>
        <button
          className=""
          onClick={[Function]}
        >
          156
        </button>
      </td>
      <td>
        <button
          className=""
          onClick={[Function]}
        >
          157
        </button>
      </td>
      <td>
        <button
          className=""
          onClick={[Function]}
        >
          158
        </button>
      </td>
      <td>
        <button
          className=""
          onClick={[Function]}
        >
          159
        </button>
      </td>
      <td>
        <button
          className=""
          onClick={[Function]}
        >
          160
        </button>
      </td>
      <td>
        <button
          className=""
          onClick={[Function]}
        >
          161
        </button>
      </td>
      <td>
        <button
          className=""
          onClick={[Function]}
        >
          162
        </button>
      </td>
    </tr>
    <tr>
      <td>
        <button
          className=""
          onClick={[Function]}
        >
          163
        </button>
      </td>
      <td>
        <button
          className=""
          onClick={[Function]}
        >
          164
        </button>
      </td>
      <td>
        <button
          className=""
          onClick={[Function]}
        >
          165
        </button>
      </td>
      <td>
        <button
          className=""
          onClick={[Function]}
        >
          166
        </button>
      </td>
      <td>
        <button
          className=""
          onClick={[Function]}
        >
          167
        </button>
      </td>
      <td>
        <button
          className=""
          onClick={[Function]}
        >
          168
        </button>
      </td>
      <td>
        <button
          className=""
          onClick={[Function]}
        >
          169
        </button>
      </td>
      <td>
        <button
          className=""
          onClick={[Function]}
        >
          170
        </button>
      </td>
      <td>
        <button
          className=""
          onClick={[Function]}
        >
          171
        </button>
      </td>
    </tr>
    <tr>
      <td>
        <button
          className=""
          onClick={[Function]}
        >
          172
        </button>
      </td>
      <td>
        <button
          className=""
          onClick={[Function]}
        >
          173
        </button>
      </td>
      <td>
        <button
          className=""
          onClick={[Function]}
        >
          174
        </button>
      </td>
      <td>
        <button
          className=""
          onClick={[Function]}
        >
          175
        </button>
      </td>
      <td>
        <button
          className=""
          onClick={[Function]}
        >
          176
        </button>
      </td>
      <td>
        <button
          className=""
          onClick={[Function]}
        >
          177
        </button>
      </td>
      <td>
        <button
          className=""
          onClick={[Function]}
        >
          178
        </button>
      </td>
      <td>
        <button
          className=""
          onClick={[Function]}
        >
          179
        </button>
      </td>
      <td>
        <button
          className=""
          onClick={[Function]}
        >
          180
        </button>
      </td>
    </tr>
  </tbody>
</table>
`;

exports[`renders correctly with selected cells 1`] = `
<table
  className="sudoku-board"
>
  <tbody>
    <tr>
      <td>
        <button
          className=""
          onClick={[Function]}
        >
          100
        </button>
      </td>
      <td>
        <button
          className="selected"
          onClick={[Function]}
        >
          101
        </button>
      </td>
      <td>
        <button
          className=""
          onClick={[Function]}
        >
          102
        </button>
      </td>
      <td>
        <button
          className=""
          onClick={[Function]}
        >
          103
        </button>
      </td>
      <td>
        <button
          className=""
          onClick={[Function]}
        >
          104
        </button>
      </td>
      <td>
        <button
          className=""
          onClick={[Function]}
        >
          105
        </button>
      </td>
      <td>
        <button
          className=""
          onClick={[Function]}
        >
          106
        </button>
      </td>
      <td>
        <button
          className=""
          onClick={[Function]}
        >
          107
        </button>
      </td>
      <td>
        <button
          className=""
          onClick={[Function]}
        >
          108
        </button>
      </td>
    </tr>
    <tr>
      <td>
        <button
          className=""
          onClick={[Function]}
        >
          109
        </button>
      </td>
      <td>
        <button
          className=""
          onClick={[Function]}
        >
          110
        </button>
      </td>
      <td>
        <button
          className=""
          onClick={[Function]}
        >
          111
        </button>
      </td>
      <td>
        <button
          className=""
          onClick={[Function]}
        >
          112
        </button>
      </td>
      <td>
        <button
          className=""
          onClick={[Function]}
        >
          113
        </button>
      </td>
      <td>
        <button
          className=""
          onClick={[Function]}
        >
          114
        </button>
      </td>
      <td>
        <button
          className=""
          onClick={[Function]}
        >
          115
        </button>
      </td>
      <td>
        <button
          className=""
          onClick={[Function]}
        >
          116
        </button>
      </td>
      <td>
        <button
          className=""
          onClick={[Function]}
        >
          117
        </button>
      </td>
    </tr>
    <tr>
      <td>
        <button
          className=""
          onClick={[Function]}
        >
          118
        </button>
      </td>
      <td>
        <button
          className=""
          onClick={[Function]}
        >
          119
        </button>
      </td>
      <td>
        <button
          className=""
          onClick={[Function]}
        >
          120
        </button>
      </td>
      <td>
        <button
          className=""
          onClick={[Function]}
        >
          121
        </button>
      </td>
      <td>
        <button
          className=""
          onClick={[Function]}
        >
          122
        </button>
      </td>
      <td>
        <button
          className=""
          onClick={[Function]}
        >
          123
        </button>
      </td>
      <td>
        <button
          className=""
          onClick={[Function]}
        >
          124
        </button>
      </td>
      <td>
        <button
          className=""
          onClick={[Function]}
        >
          125
        </button>
      </td>
      <td>
        <button
          className=""
          onClick={[Function]}
        >
          126
        </button>
      </td>
    </tr>
    <tr>
      <td>
        <button
          className=""
          onClick={[Function]}
        >
          127
        </button>
      </td>
      <td>
        <button
          className=""
          onClick={[Function]}
        >
          128
        </button>
      </td>
      <td>
        <button
          className=""
          onClick={[Function]}
        >
          129
        </button>
      </td>
      <td>
        <button
          className=""
          onClick={[Function]}
        >
          130
        </button>
      </td>
      <td>
        <button
          className=""
          onClick={[Function]}
        >
          131
        </button>
      </td>
      <td>
        <button
          className=""
          onClick={[Function]}
        >
          132
        </button>
      </td>
      <td>
        <button
          className=""
          onClick={[Function]}
        >
          133
        </button>
      </td>
      <td>
        <button
          className=""
          onClick={[Function]}
        >
          134
        </button>
      </td>
      <td>
        <button
          className=""
          onClick={[Function]}
        >
          135
        </button>
      </td>
    </tr>
    <tr>
      <td>
        <button
          className=""
          onClick={[Function]}
        >
          136
        </button>
      </td>
      <td>
        <button
          className=""
          onClick={[Function]}
        >
          137
        </button>
      </td>
      <td>
        <button
          className=""
          onClick={[Function]}
        >
          138
        </button>
      </td>
      <td>
        <button
          className=""
          onClick={[Function]}
        >
          139
        </button>
      </td>
      <td>
        <button
          className=""
          onClick={[Function]}
        >
          140
        </button>
      </td>
      <td>
        <button
          className=""
          onClick={[Function]}
        >
          141
        </button>
      </td>
      <td>
        <button
          className=""
          onClick={[Function]}
        >
          142
        </button>
      </td>
      <td>
        <button
          className=""
          onClick={[Function]}
        >
          143
        </button>
      </td>
      <td>
        <button
          className=""
          onClick={[Function]}
        >
          144
        </button>
      </td>
    </tr>
    <tr>
      <td>
        <button
          className=""
          onClick={[Function]}
        >
          145
        </button>
      </td>
      <td>
        <button
          className=""
          onClick={[Function]}
        >
          146
        </button>
      </td>
      <td>
        <button
          className=""
          onClick={[Function]}
        >
          147
        </button>
      </td>
      <td>
        <button
          className=""
          onClick={[Function]}
        >
          148
        </button>
      </td>
      <td>
        <button
          className=""
          onClick={[Function]}
        >
          149
        </button>
      </td>
      <td>
        <button
          className=""
          onClick={[Function]}
        >
          150
        </button>
      </td>
      <td>
        <button
          className=""
          onClick={[Function]}
        >
          151
        </button>
      </td>
      <td>
        <button
          className=""
          onClick={[Function]}
        >
          152
        </button>
      </td>
      <td>
        <button
          className=""
          onClick={[Function]}
        >
          153
        </button>
      </td>
    </tr>
    <tr>
      <td>
        <button
          className=""
          onClick={[Function]}
        >
          154
        </button>
      </td>
      <td>
        <button
          className=""
          onClick={[Function]}
        >
          155
        </button>
      </td>
      <td>
        <button
          className="selected"
          onClick={[Function]}
        >
          156
        </button>
      </td>
      <td>
        <button
          className=""
          onClick={[Function]}
        >
          157
        </button>
      </td>
      <td>
        <button
          className=""
          onClick={[Function]}
        >
          158
        </button>
      </td>
      <td>
        <button
          className=""
          onClick={[Function]}
        >
          159
        </button>
      </td>
      <td>
        <button
          className=""
          onClick={[Function]}
        >
          160
        </button>
      </td>
      <td>
        <button
          className=""
          onClick={[Function]}
        >
          161
        </button>
      </td>
      <td>
        <button
          className=""
          onClick={[Function]}
        >
          162
        </button>
      </td>
    </tr>
    <tr>
      <td>
        <button
          className=""
          onClick={[Function]}
        >
          163
        </button>
      </td>
      <td>
        <button
          className=""
          onClick={[Function]}
        >
          164
        </button>
      </td>
      <td>
        <button
          className=""
          onClick={[Function]}
        >
          165
        </button>
      </td>
      <td>
        <button
          className=""
          onClick={[Function]}
        >
          166
        </button>
      </td>
      <td>
        <button
          className=""
          onClick={[Function]}
        >
          167
        </button>
      </td>
      <td>
        <button
          className=""
          onClick={[Function]}
        >
          168
        </button>
      </td>
      <td>
        <button
          className=""
          onClick={[Function]}
        >
          169
        </button>
      </td>
      <td>
        <button
          className=""
          onClick={[Function]}
        >
          170
        </button>
      </td>
      <td>
        <button
          className=""
          onClick={[Function]}
        >
          171
        </button>
      </td>
    </tr>
    <tr>
      <td>
        <button
          className=""
          onClick={[Function]}
        >
          172
        </button>
      </td>
      <td>
        <button
          className=""
          onClick={[Function]}
        >
          173
        </button>
      </td>
      <td>
        <button
          className=""
          onClick={[Function]}
        >
          174
        </button>
      </td>
      <td>
        <button
          className=""
          onClick={[Function]}
        >
          175
        </button>
      </td>
      <td>
        <button
          className=""
          onClick={[Function]}
        >
          176
        </button>
      </td>
      <td>
        <button
          className=""
          onClick={[Function]}
        >
          177
        </button>
      </td>
      <td>
        <button
          className=""
          onClick={[Function]}
        >
          178
        </button>
      </td>
      <td>
        <button
          className=""
          onClick={[Function]}
        >
          179
        </button>
      </td>
      <td>
        <button
          className="selected"
          onClick={[Function]}
        >
          180
        </button>
      </td>
    </tr>
  </tbody>
</table>
`;
