// Jest Snapshot v1, https://goo.gl/fbAQLP

exports[`renders correctly 1`] = `
<table
  className="sudoku-board"
>
  <tbody>
    <tr>
      <td>
        <span>
          0
        </span>
      </td>
      <td>
        <span>
          1
        </span>
      </td>
      <td>
        <span>
          2
        </span>
      </td>
      <td>
        <span>
          3
        </span>
      </td>
      <td>
        <span>
          4
        </span>
      </td>
      <td>
        <span>
          5
        </span>
      </td>
      <td>
        <span>
          6
        </span>
      </td>
      <td>
        <span>
          7
        </span>
      </td>
      <td>
        <span>
          8
        </span>
      </td>
    </tr>
    <tr>
      <td>
        <span>
          9
        </span>
      </td>
      <td>
        <span>
          10
        </span>
      </td>
      <td>
        <span>
          11
        </span>
      </td>
      <td>
        <span>
          12
        </span>
      </td>
      <td>
        <span>
          13
        </span>
      </td>
      <td>
        <span>
          14
        </span>
      </td>
      <td>
        <span>
          15
        </span>
      </td>
      <td>
        <span>
          16
        </span>
      </td>
      <td>
        <span>
          17
        </span>
      </td>
    </tr>
    <tr>
      <td>
        <span>
          18
        </span>
      </td>
      <td>
        <span>
          19
        </span>
      </td>
      <td>
        <span>
          20
        </span>
      </td>
      <td>
        <span>
          21
        </span>
      </td>
      <td>
        <span>
          22
        </span>
      </td>
      <td>
        <span>
          23
        </span>
      </td>
      <td>
        <span>
          24
        </span>
      </td>
      <td>
        <span>
          25
        </span>
      </td>
      <td>
        <span>
          26
        </span>
      </td>
    </tr>
    <tr>
      <td>
        <span>
          27
        </span>
      </td>
      <td>
        <span>
          28
        </span>
      </td>
      <td>
        <span>
          29
        </span>
      </td>
      <td>
        <span>
          30
        </span>
      </td>
      <td>
        <span>
          31
        </span>
      </td>
      <td>
        <span>
          32
        </span>
      </td>
      <td>
        <span>
          33
        </span>
      </td>
      <td>
        <span>
          34
        </span>
      </td>
      <td>
        <span>
          35
        </span>
      </td>
    </tr>
    <tr>
      <td>
        <span>
          36
        </span>
      </td>
      <td>
        <span>
          37
        </span>
      </td>
      <td>
        <span>
          38
        </span>
      </td>
      <td>
        <span>
          39
        </span>
      </td>
      <td>
        <span>
          40
        </span>
      </td>
      <td>
        <span>
          41
        </span>
      </td>
      <td>
        <span>
          42
        </span>
      </td>
      <td>
        <span>
          43
        </span>
      </td>
      <td>
        <span>
          44
        </span>
      </td>
    </tr>
    <tr>
      <td>
        <span>
          45
        </span>
      </td>
      <td>
        <span>
          46
        </span>
      </td>
      <td>
        <span>
          47
        </span>
      </td>
      <td>
        <span>
          48
        </span>
      </td>
      <td>
        <span>
          49
        </span>
      </td>
      <td>
        <span>
          50
        </span>
      </td>
      <td>
        <span>
          51
        </span>
      </td>
      <td>
        <span>
          52
        </span>
      </td>
      <td>
        <span>
          53
        </span>
      </td>
    </tr>
    <tr>
      <td>
        <span>
          54
        </span>
      </td>
      <td>
        <span>
          55
        </span>
      </td>
      <td>
        <span>
          56
        </span>
      </td>
      <td>
        <span>
          57
        </span>
      </td>
      <td>
        <span>
          58
        </span>
      </td>
      <td>
        <span>
          59
        </span>
      </td>
      <td>
        <span>
          60
        </span>
      </td>
      <td>
        <span>
          61
        </span>
      </td>
      <td>
        <span>
          62
        </span>
      </td>
    </tr>
    <tr>
      <td>
        <span>
          63
        </span>
      </td>
      <td>
        <span>
          64
        </span>
      </td>
      <td>
        <span>
          65
        </span>
      </td>
      <td>
        <span>
          66
        </span>
      </td>
      <td>
        <span>
          67
        </span>
      </td>
      <td>
        <span>
          68
        </span>
      </td>
      <td>
        <span>
          69
        </span>
      </td>
      <td>
        <span>
          70
        </span>
      </td>
      <td>
        <span>
          71
        </span>
      </td>
    </tr>
    <tr>
      <td>
        <span>
          72
        </span>
      </td>
      <td>
        <span>
          73
        </span>
      </td>
      <td>
        <span>
          74
        </span>
      </td>
      <td>
        <span>
          75
        </span>
      </td>
      <td>
        <span>
          76
        </span>
      </td>
      <td>
        <span>
          77
        </span>
      </td>
      <td>
        <span>
          78
        </span>
      </td>
      <td>
        <span>
          79
        </span>
      </td>
      <td>
        <span>
          80
        </span>
      </td>
    </tr>
  </tbody>
</table>
`;
